
> wowdash@0.0.0 build
> ng build

[33mÔØ»[39m Building...
[32mÔ£ö[39m Building...
Application bundle generation failed. [17.762 seconds]

node.exe : 
[1m[33m[33mÔû▓ [43;
33m[[43;30mWARNING[43
;33m][0m 
[1mDuplicate key "CY" 
in object literal[0m 
[duplicate-object-key]
At line:1 char:1
+ & "C:\Program 
Files\nodejs/node.exe" 
"C:\Program 
Files\nodejs/node_mo 
...
+ ~~~~~~~~~~~~~~~~~~~~~
~~~~~~~~~~~~~~~~~~~~~~~
~~~~~~~~~~~~~~~~~~~~~~~
~~
    + CategoryInfo     
         : NotSpecifi  
  ed: ([1m[33m[33   
 mÔ...ate-object-ke    
y]:String) [], Rem    
oteException
    + FullyQualifiedEr 
   rorId : NativeComm  
  andError
 

    angular:script/glob
al:scripts.js:42:92930:
[37m      42 Ôöé ..., 
"name": "Czech 
Republic" }, 
[32m"CY"[37m: { 
"path": 
"M505.03,193.75l-...
         ÔòÁ           
                       
[32m~~~~[0m

  The original key 
"CY" is here:

    angular:script/glob
al:scripts.js:42:30812:
[37m      42 Ôöé 
...5,0.17Z", "name": 
"Kosovo" }, 
[32m"CY"[37m: { 
"path": 
"M503.54,192.92l0...
         ÔòÁ           
                       
[32m~~~~[0m


[33mÔû▓ [43;33m[[43;
30mWARNING[43;33m][0m
 [1mDuplicate key 
"SO" in object 
literal[0m 
[duplicate-object-key]

    angular:script/glob
al:scripts.js:42:99517:
[37m      42 Ôöé 
...8Z", "name": "North 
Korea" }, 
[32m"SO"[37m: { 
"path": 
"M543.8,256.48l0....
         ÔòÁ           
                       
[32m~~~~[0m

  The original key 
"SO" is here:

    angular:script/glob
al:scripts.js:42:29882:
[37m      42 Ôöé 
....14,0.65Z", "name": 
"Oman" }, 
[32m"SO"[37m: { 
"path": 
"M543.2,261.06l-1...
         ÔòÁ           
                       
[32m~~~~[0m

[39m[22m
[1m[31m[31mX [41;31
m[[41;97mERROR[41;31m
][0m [1mNG2: Type 
'string' is not 
assignable to type 
'boolean'.[0m 
[1m[35m[plugin 
angular-compiler][0m

    src/app/pages/admin
/student-add/student-ad
d.component.html:209:53
:
[37m      209 Ôöé     
                #studen
tContactNumber1="ngMode
l" [32mrequired[37m
          ÔòÁ          
                       
                     
[32m~~~~~~~~[0m

  Error occurs in the 
template of component 
StudentAddComponent.

    src/app/pages/admin
/student-add/student-ad
d.component.ts:23:15:
[37m      23 Ôöé   
templateUrl: [32m'./st
udent-add.component.htm
l'[37m,
         ÔòÁ           
     [32m~~~~~~~~~~~~~
~~~~~~~~~~~~~~~~~[0m


[31mX [41;31m[[41;97
mERROR[41;31m][0m 
[1mNG2: Type 'string' 
is not assignable to 
type 'boolean'.[0m 
[1m[35m[plugin 
angular-compiler][0m

    src/app/pages/admin
/student-add/student-ad
d.component.html:277:45
:
[37m      277 Ôöé     
                #guardi
anPhone="ngModel" 
[32mrequired[37m
          ÔòÁ          
                       
             
[32m~~~~~~~~[0m

  Error occurs in the 
template of component 
StudentAddComponent.

    src/app/pages/admin
/student-add/student-ad
d.component.ts:23:15:
[37m      23 Ôöé   
templateUrl: [32m'./st
udent-add.component.htm
l'[37m,
         ÔòÁ           
     [32m~~~~~~~~~~~~~
~~~~~~~~~~~~~~~~~[0m

[39m[22m
