
Running 5 tests using 2 workers

[1A[2K[1/5] [chromium] › e2e\teacher-visibility.spec.ts:124:9 › Teacher Visibility E2E Tests › Teacher should only see assigned classes in Class Management
[1A[2K[2/5] [chromium] › e2e\teacher-visibility.spec.ts:108:9 › Teacher Visibility E2E Tests › Teacher should only see assigned students in Student List
[1A[2K  1) [chromium] › e2e\teacher-visibility.spec.ts:124:9 › Teacher Visibility E2E Tests › Teacher should only see assigned classes in Class Management 

    Error: browserType.launch: Executable doesn't exist at C:\Users\Noshahi Developer\AppData\Local\ms-playwright\chromium_headless_shell-1208\chrome-headless-shell-win64\chrome-headless-shell.exe
    ╔═════════════════════════════════════════════════════════════════════════╗
    ║ Looks like Playwright Test or Playwright was just installed or updated. ║
    ║ Please run the following command to download new browsers:              ║
    ║                                                                         ║
    ║     npx playwright install                                              ║
    ║                                                                         ║
    ║ <3 Playwright Team                                                      ║
    ╚═════════════════════════════════════════════════════════════════════════╝


[1A[2K  2) [chromium] › e2e\teacher-visibility.spec.ts:108:9 › Teacher Visibility E2E Tests › Teacher should only see assigned students in Student List 

    Error: browserType.launch: Executable doesn't exist at C:\Users\Noshahi Developer\AppData\Local\ms-playwright\chromium_headless_shell-1208\chrome-headless-shell-win64\chrome-headless-shell.exe
    ╔═════════════════════════════════════════════════════════════════════════╗
    ║ Looks like Playwright Test or Playwright was just installed or updated. ║
    ║ Please run the following command to download new browsers:              ║
    ║                                                                         ║
    ║     npx playwright install                                              ║
    ║                                                                         ║
    ║ <3 Playwright Team                                                      ║
    ╚═════════════════════════════════════════════════════════════════════════╝


[1A[2K[3/5] [chromium] › e2e\teacher-visibility.spec.ts:140:9 › Teacher Visibility E2E Tests › Teacher should only see subjects for assigned classes in Subject List
[1A[2K[4/5] [chromium] › e2e\teacher-visibility.spec.ts:132:9 › Teacher Visibility E2E Tests › Teacher should only see assigned sections in Section List
[1A[2K  3) [chromium] › e2e\teacher-visibility.spec.ts:140:9 › Teacher Visibility E2E Tests › Teacher should only see subjects for assigned classes in Subject List 

    Error: browserType.launch: Executable doesn't exist at C:\Users\Noshahi Developer\AppData\Local\ms-playwright\chromium_headless_shell-1208\chrome-headless-shell-win64\chrome-headless-shell.exe
    ╔═════════════════════════════════════════════════════════════════════════╗
    ║ Looks like Playwright Test or Playwright was just installed or updated. ║
    ║ Please run the following command to download new browsers:              ║
    ║                                                                         ║
    ║     npx playwright install                                              ║
    ║                                                                         ║
    ║ <3 Playwright Team                                                      ║
    ╚═════════════════════════════════════════════════════════════════════════╝


[1A[2K  4) [chromium] › e2e\teacher-visibility.spec.ts:132:9 › Teacher Visibility E2E Tests › Teacher should only see assigned sections in Section List 

    Error: browserType.launch: Executable doesn't exist at C:\Users\Noshahi Developer\AppData\Local\ms-playwright\chromium_headless_shell-1208\chrome-headless-shell-win64\chrome-headless-shell.exe
    ╔═════════════════════════════════════════════════════════════════════════╗
    ║ Looks like Playwright Test or Playwright was just installed or updated. ║
    ║ Please run the following command to download new browsers:              ║
    ║                                                                         ║
    ║     npx playwright install                                              ║
    ║                                                                         ║
    ║ <3 Playwright Team                                                      ║
    ╚═════════════════════════════════════════════════════════════════════════╝


[1A[2K[5/5] [chromium] › e2e\teacher-visibility.spec.ts:148:9 › Teacher Visibility E2E Tests › Teacher should only see assigned classes in Attendance
[1A[2K  5) [chromium] › e2e\teacher-visibility.spec.ts:148:9 › Teacher Visibility E2E Tests › Teacher should only see assigned classes in Attendance 

    Error: browserType.launch: Executable doesn't exist at C:\Users\Noshahi Developer\AppData\Local\ms-playwright\chromium_headless_shell-1208\chrome-headless-shell-win64\chrome-headless-shell.exe
    ╔═════════════════════════════════════════════════════════════════════════╗
    ║ Looks like Playwright Test or Playwright was just installed or updated. ║
    ║ Please run the following command to download new browsers:              ║
    ║                                                                         ║
    ║     npx playwright install                                              ║
    ║                                                                         ║
    ║ <3 Playwright Team                                                      ║
    ╚═════════════════════════════════════════════════════════════════════════╝


[1A[2K  5 failed
    [chromium] › e2e\teacher-visibility.spec.ts:108:9 › Teacher Visibility E2E Tests › Teacher should only see assigned students in Student List 
    [chromium] › e2e\teacher-visibility.spec.ts:124:9 › Teacher Visibility E2E Tests › Teacher should only see assigned classes in Class Management 
    [chromium] › e2e\teacher-visibility.spec.ts:132:9 › Teacher Visibility E2E Tests › Teacher should only see assigned sections in Section List 
    [chromium] › e2e\teacher-visibility.spec.ts:140:9 › Teacher Visibility E2E Tests › Teacher should only see subjects for assigned classes in Subject List 
    [chromium] › e2e\teacher-visibility.spec.ts:148:9 › Teacher Visibility E2E Tests › Teacher should only see assigned classes in Attendance 

[36m  Serving HTML report at http://localhost:52713. Press Ctrl+C to quit.[39m
